20:18:55 [MAIN] Configuration loaded successfully
20:18:55 [MAIN] Starting daemon ...
20:18:56 [DEVICE] Loaded device: airpurifier (ID: bffc5f3cf2ed8af39bcrgg)
20:18:56 [SPOOLMAN] Loaded 15 spools from Spoolman
20:18:56 [WATCH] Performing initial folder scan...
20:18:56 [WATCH] Found existing G-code: ECC_0.4_House Box Units]_0.2_2h14m.gcode
20:18:56 [WATCH] Folder watcher started on /home/scripts/spooler/watch
20:18:56 [SDCP] Connecting to ws://192.168.1.127:3030/websocket?'command'='subscribe'...
20:18:56 [SDCP] Connected to SDCP WebSocket
20:18:58 [SDCP] Print started: ECC_0.4_House Box Units]_0.2_2h14m
20:18:58 [SDCP] Successfully loaded job metadata for ECC_0.4_House Box Units]_0.2_2h14m
20:18:58 [DEVICE] Air purifier set to high speed
20:27:29 [MAIN] Configuration loaded successfully
20:27:29 [MAIN] Starting daemon ...
20:27:31 [DEVICE] Loaded device: airpurifier (ID: bffc5f3cf2ed8af39bcrgg)
20:27:31 [SPOOLMAN] Loaded 15 spools from Spoolman
20:27:31 [WATCH] Performing initial folder scan...
20:27:31 [WATCH] Found existing G-code: ECC_0.4_House Box Units]_0.2_2h14m.gcode
20:27:32 [WATCH] Folder watcher started on /home/scripts/spooler/watch
20:27:32 [SDCP] Connecting to ws://192.168.1.127:3030/websocket?'command'='subscribe'...
20:27:32 [SDCP] Connected to SDCP WebSocket
20:27:32 [SDCP] Print started: ECC_0.4_House Box Units]_0.2_2h14m
20:27:32 [SDCP] Successfully loaded job metadata for ECC_0.4_House Box Units]_0.2_2h14m
20:27:33 [DEVICE] Air purifier set to high speed
21:41:19 [SDCP] Print complete
21:41:19 [APPRISE] Notification sent to Apprise server: apprise
21:41:19 [DEVICE] Air purifier set to mid speed
21:41:19 [SDCP] Total extrusions: 23268.604397865594mm -> 69.4g
21:41:19 [SPOOLMAN] Loaded 15 spools from Spoolman
21:41:19 [MATCH] Using spool ID 11 for preset 'ELEGOO - PLA - Black' (remaining 791.21 g)
21:41:19 [SDCP] SDCP Usage: 69.4g, ORCA Metadata Usage: 69.96000000000001g, Difference: 0.5600000000000023g
21:41:20 [SPOOLMAN] Updated spool 11: deducted 69.4g
21:41:20 [APPRISE] Notification sent to Apprise server: apprise
21:41:20 [SDCP] Printer idle
21:41:20 [SDCP] Starting Cleanup of files
21:41:20 [WATCH] Deleting ECC_0.4_House Box Units]_0.2_2h14m.
21:41:20 [SDCP] One-shot mode: shutting down daemon
21:41:20 [MAIN] Shutdown event received, stopping services ...
21:41:20 [MAIN] Daemon exiting cleanly
16:47:06 [MAIN] Configuration loaded successfully
16:47:06 [MAIN] Starting daemon ...
16:47:11 [DEVICE] Loaded device: airpurifier (ID: bffc5f3cf2ed8af39bcrgg)
16:47:11 [SPOOLMAN] Loaded 15 spools from Spoolman
16:47:11 [WATCH] Performing initial folder scan...
16:47:11 [WATCH] Found existing G-code: ECC_0.4_House Box Units]_0.2_2h14m.gcode
16:47:12 [WATCH] Folder watcher started on /home/scripts/spooler/watch
16:47:12 [SDCP] Connecting to ws://192.168.1.127:3030/websocket?'command'='subscribe'...
16:47:12 [SDCP] Connected to SDCP WebSocket
16:47:14 [SDCP] Print started: ECC_0.4_House Box Units]_0.2_2h14m
16:47:14 [SDCP] Successfully loaded job metadata for ECC_0.4_House Box Units]_0.2_2h14m
16:47:14 [DEVICE] Air purifier set to high speed
